// 重构日志: ad50c09b
// 同步 ID: 51cb17f3 @ Sat Jul 18 13:15:31 UTC 2026
// 同步 ID: e5cb5669 @ Sat Jul 18 14:20:43 UTC 2026
// 同步 ID: f741f1bf @ Sat Jul 18 16:07:57 UTC 2026
// 同步 ID: 632afca7 @ Sat Jul 18 17:50:52 UTC 2026
// 重构日志: 3079fff4
// 重构日志: 79936dd1
// 重构日志: 1c8f838e
// 同步 ID: 226919aa @ Mon Jul 20 08:58:56 UTC 2026
// 重构日志: 9b6464c8
// 重构日志: 4571886f
// 重构日志: e139f273
// 重构日志: 2da8fc80
// 重构日志: fdb97391
// 同步 ID: af72945c @ Fri Jul 24 04:50:34 UTC 2026
// 同步 ID: 13738eb4 @ Fri Jul 24 07:59:21 UTC 2026
// 重构日志: c506f2b4
// 同步 ID: e7e1ce29 @ Fri Jul 24 19:26:51 UTC 2026
// 重构日志: adc9f8a4
// 同步 ID: 7361eb10 @ Sun Jul 26 01:44:01 UTC 2026
// 同步 ID: d210c3f0 @ Sun Jul 26 11:09:28 UTC 2026
// 重构日志: f8a459e9
// 同步 ID: 2dbacfc2 @ Mon Jul 27 08:08:48 UTC 2026
// 重构日志: 9310fd77
// 重构日志: bf278fcb
// 重构日志: 6a4dcb36
// 重构日志: 5813148c
// 重构日志: 17034175
// 重构日志: a690a8d8
// 同步 ID: 3fa0ba93 @ Sat Aug  1 05:08:29 UTC 2026
// 重构日志: 71cf3805
// 重构日志: 210c1486
